
> cold-email-frontend@1.0.0 dev
> next dev

  ▲ Next.js 14.2.35
  - Local:        http://localhost:3000
  - Environments: .env.local

 ✓ Starting...
 ✓ Ready in 1256ms
 ✓ Compiled /job-portals in 382ms (357 modules)
 GET /_next/static/webpack/7877312537ba9aa4.webpack.hot-update.json 404 in 448ms
 ⚠ Fast Refresh had to perform a full reload. Read more: https://nextjs.org/docs/messages/fast-refresh-reload
 GET /job-portals 200 in 392ms
 GET /job-portals 200 in 3ms
 GET /.well-known/appspecific/com.chrome.devtools.json 404 in 5ms
 ✓ Compiled / in 98ms (361 modules)
 GET / 200 in 122ms
 ✓ Compiled /job-portals in 237ms (359 modules)
 GET /agent 200 in 270ms
 GET /job-portals 200 in 113ms
 ✓ Compiled /_error in 44ms (361 modules)
 GET /.well-known/appspecific/com.chrome.devtools.json 404 in 57ms
 ✓ Compiled / in 172ms (361 modules)
 GET /job-portals 404 in 47ms
 GET / 404 in 190ms
 GET / 404 in 7ms
 GET / 404 in 4ms
 GET /job-portals 404 in 4ms
 GET / 404 in 3ms
 GET / 404 in 3ms
 GET /job-portals 404 in 5ms
 GET / 404 in 3ms
 GET / 404 in 4ms
 GET /job-portals 404 in 4ms
 GET / 404 in 3ms
 GET / 404 in 5ms
 GET /job-portals 404 in 4ms
 GET / 404 in 2ms
 GET / 404 in 15ms
 GET /job-portals 404 in 2ms
 GET / 404 in 2ms
 GET / 404 in 2ms
 GET /job-portals 404 in 1ms
 GET / 404 in 2ms
 GET / 404 in 2ms
 GET /job-portals 404 in 6ms
 GET / 404 in 6ms
 GET / 404 in 2ms
 GET /job-portals 404 in 5ms
 GET / 404 in 4ms
 GET / 404 in 3ms
 GET /job-portals 404 in 2ms
 GET / 404 in 5ms
 GET / 404 in 4ms
 GET /job-portals 404 in 3ms
 GET / 404 in 2ms
 GET / 404 in 5ms
 GET /job-portals 404 in 2ms
 GET / 404 in 1ms
 GET / 404 in 3ms
 GET /job-portals 404 in 3ms
 GET / 404 in 4ms
 GET / 404 in 5ms
 GET /job-portals 404 in 2ms
 GET / 404 in 3ms
 GET / 404 in 3ms
 GET /job-portals 404 in 2ms
 GET / 404 in 6ms
 GET / 404 in 4ms
 GET /job-portals 404 in 5ms
 GET / 404 in 4ms
 GET / 404 in 2ms
 GET / 404 in 4ms
 GET / 404 in 9ms
 GET / 404 in 3ms
 GET / 404 in 2ms
 GET / 404 in 3ms
 GET / 404 in 4ms
 GET / 404 in 3ms
 GET / 404 in 2ms
 GET / 404 in 2ms
 GET / 404 in 2ms
 GET / 404 in 3ms
 GET / 404 in 3ms
 GET / 404 in 2ms
 GET / 404 in 4ms
 GET / 404 in 1ms
 GET / 404 in 4ms
 GET / 404 in 3ms
 GET / 404 in 3ms
 GET / 404 in 2ms
 GET / 404 in 2ms
 GET / 404 in 2ms
 GET / 404 in 2ms
 GET / 404 in 1ms
 GET /job-portals 404 in 6ms
 GET / 404 in 4ms
 GET / 404 in 2ms
 GET / 404 in 3ms
 GET / 404 in 4ms
 GET /job-portals 404 in 3ms
 GET / 404 in 5ms
 GET / 404 in 4ms
 GET /job-portals 404 in 3ms
 GET / 404 in 5ms
 GET / 404 in 4ms
 GET /job-portals 404 in 4ms
 GET / 404 in 4ms
 GET / 404 in 4ms
 GET /job-portals 404 in 3ms
 GET / 404 in 5ms
 GET / 404 in 3ms
 GET /job-portals 404 in 3ms
 GET / 404 in 5ms
 GET / 404 in 4ms
 GET /job-portals 404 in 3ms
 GET / 404 in 4ms
 GET / 404 in 5ms
 GET /job-portals 404 in 2ms
 GET / 404 in 4ms
 GET / 404 in 3ms
 GET /job-portals 404 in 4ms
 GET / 404 in 3ms
 GET / 404 in 4ms
 GET /job-portals 404 in 3ms
 GET / 404 in 5ms
 GET / 404 in 3ms
 GET /job-portals 404 in 3ms
 GET / 404 in 3ms
 GET / 404 in 5ms
 GET /job-portals 404 in 6ms
 GET / 404 in 4ms
 GET / 404 in 3ms
 GET /job-portals 404 in 4ms
 GET / 404 in 1ms
 GET / 404 in 4ms
 GET /job-portals 404 in 5ms
 GET / 404 in 4ms
 GET / 404 in 4ms
 GET /job-portals 404 in 5ms
 GET / 404 in 4ms
 GET / 404 in 4ms
 GET /job-portals 404 in 3ms
 GET / 404 in 3ms
 GET / 404 in 5ms
 GET /job-portals 404 in 6ms
 GET / 404 in 3ms
 GET / 404 in 5ms
 GET /job-portals 404 in 4ms
 GET / 404 in 4ms
 GET / 404 in 4ms
 GET /job-portals 404 in 4ms
 GET / 404 in 3ms
 GET / 404 in 4ms
 GET /job-portals 404 in 4ms
 GET /job-portals 404 in 5ms
 GET /job-portals 404 in 4ms
 GET /job-portals 404 in 2ms
 GET /job-portals 404 in 2ms
 GET /job-portals 404 in 4ms
 GET /job-portals 404 in 2ms
 GET /job-portals 404 in 4ms
 GET /job-portals 404 in 2ms
 GET /job-portals 404 in 1ms
 GET /job-portals 404 in 5ms
 GET /job-portals 404 in 3ms
 GET /job-portals 404 in 3ms
 GET /job-portals 404 in 3ms
 GET /job-portals 404 in 3ms
 GET /job-portals 404 in 3ms
 GET /job-portals 404 in 18ms
 GET /job-portals 404 in 3ms
 GET /job-portals 404 in 4ms
 GET /job-portals 404 in 3ms
 GET /job-portals 404 in 6ms
 GET /job-portals 404 in 3ms
 GET /job-portals 404 in 2ms
 GET /job-portals 404 in 2ms
 GET /job-portals 404 in 4ms
 GET /job-portals 404 in 3ms
 GET /job-portals 404 in 3ms
 GET /job-portals 404 in 2ms
 GET /job-portals 404 in 3ms
 GET /job-portals 404 in 5ms
 GET /job-portals 404 in 4ms
 GET /job-portals 404 in 2ms
 GET /job-portals 404 in 4ms
 GET /job-portals 404 in 4ms
 GET /job-portals 404 in 3ms
 GET /job-portals 404 in 2ms
 GET /job-portals 404 in 2ms
 GET /job-portals 404 in 10ms
 GET /job-portals 404 in 3ms
 GET /job-portals 404 in 3ms
 GET /job-portals 404 in 3ms
 GET /job-portals 404 in 3ms
 GET /job-portals 404 in 6ms
 GET /job-portals 404 in 3ms
 GET /job-portals 404 in 3ms
 GET /job-portals 404 in 4ms
 GET /job-portals 404 in 3ms
 GET /job-portals 404 in 4ms
 GET /job-portals 404 in 3ms
 GET /job-portals 404 in 3ms
 GET /job-portals 404 in 3ms
 GET /job-portals 404 in 3ms
 GET /job-portals 404 in 3ms
 GET /job-portals 404 in 5ms
 GET /job-portals 404 in 4ms
 GET /job-portals 404 in 3ms
 GET /job-portals 404 in 3ms
 GET /job-portals 404 in 4ms
 GET /job-portals 404 in 4ms
 GET /job-portals 404 in 3ms
 GET /job-portals 404 in 3ms
 GET /job-portals 404 in 3ms
 GET /job-portals 404 in 4ms
 GET /job-portals 404 in 4ms
 GET /job-portals 404 in 4ms
 GET /job-portals 404 in 3ms
 GET /job-portals 404 in 4ms
 GET /job-portals 404 in 4ms
 GET /job-portals 404 in 3ms
 GET /job-portals 404 in 2ms
 GET /job-portals 404 in 5ms
 GET /job-portals 404 in 3ms
 GET /job-portals 404 in 4ms
 GET /job-portals 404 in 3ms
 GET /job-portals 404 in 4ms
 GET /job-portals 404 in 4ms
 GET /job-portals 404 in 4ms
 GET /job-portals 404 in 4ms
 GET /job-portals 404 in 4ms
 GET /job-portals 404 in 2ms
 GET /job-portals 404 in 6ms
 GET /job-portals 404 in 2ms
 GET /job-portals 404 in 2ms
 GET /job-portals 404 in 5ms
 GET /job-portals 404 in 3ms
